// Jest Snapshot v1, https://goo.gl/fbAQLP

exports[`Snapshot testing and unit testing renders with basic props 1`] = `
<ContextProvider
  value={
    Object {
      "store": Object {
        "clearActions": [Function],
        "dispatch": [Function],
        "getActions": [Function],
        "getState": [Function],
        "replaceReducer": [Function],
        "subscribe": [Function],
      },
      "subscription": Subscription {
        "handleChangeWrapper": [Function],
        "listeners": Object {
          "notify": [Function],
        },
        "onStateChange": [Function],
        "parentSub": undefined,
        "store": Object {
          "clearActions": [Function],
          "dispatch": [Function],
          "getActions": [Function],
          "getState": [Function],
          "replaceReducer": [Function],
          "subscribe": [Function],
        },
        "unsubscribe": null,
      },
    }
  }
>
  <DisplayArticles
    articles={
      Array [
        Object {
          "description": "Mocked Description",
          "source": Object {},
          "title": "Mocked Title",
        },
      ]
    }
    fetchedAll={false}
    increasePageNum={[MockFunction]}
    loading={false}
  />
</ContextProvider>
`;
